
> dohsaving-web@0.1.0 build
> next build

โ–ฒ Next.js 16.1.6 (Turbopack)
- Environments: .env.production, .env
- Experiments (use with caution):
  ยท proxyClientMaxBodySize: "100mb"
  ยท serverActions

  Creating an optimized production build ...
node.exe : 
At line:1 char:1
+ & "C:\Program 
Files\nodejs/node.exe" "C:\User
s\chaimongkon.on\AppData ...
+ ~~~~~~~~~~~~~~~~~~~~~~~~~~~~~
~~~~~~~~~~~~~~~~~~~~~~~~~~~~~~~
~~~~~~~~~
    + CategoryInfo          :  
   NotSpecified: (:String) []  
  , RemoteException
    + FullyQualifiedErrorId :  
   NativeCommandError
 
> Build error occurred
Error: Turbopack build failed 
with 2 errors:
./src/app/admin/url-mappings/pa
ge.tsx:3:10
Ecmascript file had an error
[0m [90m 1 |[39m 
[36mimport[39m { 
[33mButton[39m[33m,[39m 
[33mCard[39m[33m,[39m 
[33mCol[39m[33m,[39m 
[33mForm[39m[33m,[39m 
[33mInput[39m[33m,[39m [33
mPopconfirm[39m[33m,[39m 
[33mRow[39m[33m,[39m 
[33mSpace[39m[33m,[39m 
[33mSpin[39m[33m,[39m 
[33mTable[39m[33m,[39m [33
mTypography[39m[33m,[39m 
message } [36mfrom[39m 
[32m"antd"[39m[33m;[39m
 [90m 2 |[39m 
[36mimport[39m { 
[33mEdit[39m[33m,[39m 
[33mPlus[39m[33m,[39m 
[33mTrash2[39m } 
[36mfrom[39m [32m"lucide-rea
ct"[39m[33m;[39m
[31m[1m>[22m[39m[90m 3 
|[39m [36mimport[39m { 
useEffect[33m,[39m useState 
} [36mfrom[39m 
[32m"react"[39m[33m;[39m
 [90m   |[39m          [31m
[1m^[22m[39m[31m[1m^[22m[
39m[31m[1m^[22m[39m[31m[1
m^[22m[39m[31m[1m^[22m[39
m[31m[1m^[22m[39m[31m[1m^
[22m[39m[31m[1m^[22m[39m
[31m[1m^[22m[39m
 [90m 4 |[39m 
[36mimport[39m css 
[36mfrom[39m [32m"./page.mod
ule.css"[39m[33m;[39m
 [90m 5 |[39m
 [90m 6 |[39m 
[36mconst[39m { 
[33mTitle[39m } [33m=[39m 
[33mTypography[39m[33m;[39m
[0m

You're importing a component 
that needs `useEffect`. This 
React Hook only works in a 
Client Component. To fix, mark 
the file (or its parent) with 
the `"use client"` directive.

 Learn more: https://nextjs.org
/docs/app/api-reference/directi
ves/use-client




./src/app/admin/url-mappings/pa
ge.tsx:3:21
Ecmascript file had an error
[0m [90m 1 |[39m 
[36mimport[39m { 
[33mButton[39m[33m,[39m 
[33mCard[39m[33m,[39m 
[33mCol[39m[33m,[39m 
[33mForm[39m[33m,[39m 
[33mInput[39m[33m,[39m [33
mPopconfirm[39m[33m,[39m 
[33mRow[39m[33m,[39m 
[33mSpace[39m[33m,[39m 
[33mSpin[39m[33m,[39m 
[33mTable[39m[33m,[39m [33
mTypography[39m[33m,[39m 
message } [36mfrom[39m 
[32m"antd"[39m[33m;[39m
 [90m 2 |[39m 
[36mimport[39m { 
[33mEdit[39m[33m,[39m 
[33mPlus[39m[33m,[39m 
[33mTrash2[39m } 
[36mfrom[39m [32m"lucide-rea
ct"[39m[33m;[39m
[31m[1m>[22m[39m[90m 3 
|[39m [36mimport[39m { 
useEffect[33m,[39m useState 
} [36mfrom[39m 
[32m"react"[39m[33m;[39m
 [90m   |[39m                
     [31m[1m^[22m[39m[31m
[1m^[22m[39m[31m[1m^[22m[
39m[31m[1m^[22m[39m[31m[1
m^[22m[39m[31m[1m^[22m[39
m[31m[1m^[22m[39m[31m[1m^
[22m[39m
 [90m 4 |[39m 
[36mimport[39m css 
[36mfrom[39m [32m"./page.mod
ule.css"[39m[33m;[39m
 [90m 5 |[39m
 [90m 6 |[39m 
[36mconst[39m { 
[33mTitle[39m } [33m=[39m 
[33mTypography[39m[33m;[39m
[0m

You're importing a component 
that needs `useState`. This 
React Hook only works in a 
Client Component. To fix, mark 
the file (or its parent) with 
the `"use client"` directive.

 Learn more: https://nextjs.org
/docs/app/api-reference/directi
ves/use-client




    at <unknown> (./src/app/adm
in/url-mappings/page.tsx:3:10)
    at <unknown> (./src/app/adm
in/url-mappings/page.tsx:3:21)
